******************************************************************************
                  TI ARM Linker PC v20.2.7                     
******************************************************************************
>> Linked Thu Mar 23 00:47:40 2023

OUTPUT FILE NAME:   <ProstheticArm.out>
ENTRY POINT SYMBOL: "_c_int00_noargs"  address: 00000fb5


MEMORY CONFIGURATION

         name            origin    length      used     unused   attr    fill
----------------------  --------  ---------  --------  --------  ----  --------
  FLASH                 00000000   00040000  00001221  0003eddf  R  X
  SRAM                  20000000   00008000  000002bb  00007d45  RW X


SEGMENT ALLOCATION MAP

run origin  load origin   length   init length attrs members
----------  ----------- ---------- ----------- ----- -------
00000000    00000000    00001228   00001228    r-x
  00000000    00000000    0000026c   0000026c    r-- .intvecs
  0000026c    0000026c    00000dc6   00000dc6    r-x .text
  00001034    00001034    00000137   00000137    r-- .const
  00001170    00001170    000000b8   000000b8    r-- .cinit
20000000    20000000    000002c0   00000000    rw-
  20000000    20000000    00000200   00000000    rw- .stack
  20000200    20000200    000000b3   00000000    rw- .data
  200002b8    200002b8    00000008   00000000    rw- .bss


SECTION ALLOCATION MAP

 output                                  attributes/
section   page    origin      length       input sections
--------  ----  ----------  ----------   ----------------
.intvecs   0    00000000    0000026c     
                  00000000    0000026c     tm4c123gh6pm_startup_ccs.obj (.intvecs)

.text      0    0000026c    00000dc6     
                  0000026c    00000658     GPIO.obj (.text)
                  000008c4    0000024c     SystemControl.obj (.text)
                  00000b10    0000017c     PWM.obj (.text)
                  00000c8c    00000148     ServoMotor.obj (.text)
                  00000dd4    0000009c     rtsv7M4_T_le_v4SPD16_eabi.lib : memcpy_t2.asm.obj (.text)
                  00000e70    00000096                                   : ull_div_t2.asm.obj (.text)
                  00000f06    00000068                                   : copy_decompress_lzss.c.obj (.text:decompress:lzss:__TI_decompress_lzss)
                  00000f6e    00000002                                   : div0.asm.obj (.text)
                  00000f70    00000044                                   : autoinit.c.obj (.text:__TI_auto_init_nobinit_nopinit:__TI_auto_init_nobinit_nopinit)
                  00000fb4    00000034                                   : boot_cortex_m.c.obj (.text:_c_int00_noargs:_c_int00_noargs)
                  00000fe8    0000001c                                   : copy_zero_init.c.obj (.text:decompress:ZI:__TI_zero_init_nomemset:__TI_zero_init_nomemset)
                  00001004    0000000e                                   : copy_decompress_none.c.obj (.text:decompress:none:__TI_decompress_none)
                  00001012    0000000c     main.obj (.text)
                  0000101e    0000000c     tm4c123gh6pm_startup_ccs.obj (.text)
                  0000102a    00000004     rtsv7M4_T_le_v4SPD16_eabi.lib : pre_init.c.obj (.text:_system_pre_init)
                  0000102e    00000004                                   : exit.c.obj (.text:abort:abort)

.const     0    00001034    00000137     
                  00001034    00000020     GPIO_config.obj (.const:GPIO_PWMConfigAFSEL_ArrPtrStruct)
                  00001054    00000018     GPIO.obj (.const:GPIO_AlternateFunctionSelect_Registers)
                  0000106c    00000018     GPIO.obj (.const:GPIO_AnalogModeSelect_Registers)
                  00001084    00000018     GPIO.obj (.const:GPIO_Data_Registers)
                  0000109c    00000018     GPIO.obj (.const:GPIO_DigitalEnable_Registers)
                  000010b4    00000018     GPIO.obj (.const:GPIO_Direction_Registers)
                  000010cc    00000018     GPIO.obj (.const:GPIO_InterruptClear_Registers)
                  000010e4    00000018     GPIO.obj (.const:GPIO_InterruptMask_Registers)
                  000010fc    00000018     GPIO.obj (.const:GPIO_LOCK_Registers)
                  00001114    00000018     GPIO.obj (.const:GPIO_PortControl_Registers)
                  0000112c    00000018     GPIO.obj (.const:GPIO_Port_Commit)
                  00001144    0000000f     SystemControl.obj (.const:.string:SC_SYSDIV)
                  00001153    00000008     SystemControl.obj (.const:.string:SC_PWMDIV)
                  0000115b    00000002     GPIO_config.obj (.const:Module0_PWM0_Generator0)
                  0000115d    00000002     GPIO_config.obj (.const:Module0_PWM0_Generator1)
                  0000115f    00000002     GPIO_config.obj (.const:Module0_PWM0_Generator2)
                  00001161    00000002     GPIO_config.obj (.const:Module0_PWM0_Generator3)
                  00001163    00000002     GPIO_config.obj (.const:Module0_PWM1_Generator0)
                  00001165    00000002     GPIO_config.obj (.const:Module0_PWM1_Generator1)
                  00001167    00000002     GPIO_config.obj (.const:Module0_PWM1_Generator2)
                  00001169    00000002     GPIO_config.obj (.const:Module0_PWM1_Generator3)

.cinit     0    00001170    000000b8     
                  00001170    0000008d     (.cinit..data.load) [load image, compression = lzss]
                  000011fd    00000003     --HOLE-- [fill = 0]
                  00001200    0000000c     (__TI_handler_table)
                  0000120c    00000004     --HOLE-- [fill = 0]
                  00001210    00000008     (.cinit..bss.load) [load image, compression = zero_init]
                  00001218    00000010     (__TI_cinit_table)

.init_array 
*          0    00000000    00000000     UNINITIALIZED

.data      0    20000200    000000b3     UNINITIALIZED
                  20000200    00000020     PWM.obj (.data:PWM_CompareRegs)
                  20000220    00000020     PWM_config.obj (.data:PWM_ConfigChannel_ArrPtrStruct)
                  20000240    00000020     PWM.obj (.data:PWM_GeneratorControlRegs)
                  20000260    00000018     GPIO.obj (.data:EXTI_Callback)
                  20000278    00000010     PWM.obj (.data:PWM_LoadRegs)
                  20000288    00000010     PWM.obj (.data:PWM_PortControlRegs)
                  20000298    00000003     PWM_config.obj (.data:PWMChannel0_Module0)
                  2000029b    00000003     PWM_config.obj (.data:PWMChannel1_Module0)
                  2000029e    00000003     PWM_config.obj (.data:PWMChannel2_Module0)
                  200002a1    00000003     PWM_config.obj (.data:PWMChannel3_Module0)
                  200002a4    00000003     PWM_config.obj (.data:PWMChannel4_Module0)
                  200002a7    00000003     PWM_config.obj (.data:PWMChannel5_Module0)
                  200002aa    00000003     PWM_config.obj (.data:PWMChannel6_Module0)
                  200002ad    00000003     PWM_config.obj (.data:PWMChannel7_Module0)
                  200002b0    00000003     SystemControl_Config.obj (.data:PWM_Module0)

.bss       0    200002b8    00000008     UNINITIALIZED
                  200002b8    00000008     PWM.obj (.bss)

.stack     0    20000000    00000200     UNINITIALIZED
                  20000000    00000004     rtsv7M4_T_le_v4SPD16_eabi.lib : boot_cortex_m.c.obj (.stack)
                  20000004    000001fc     --HOLE--

__llvm_prf_cnts 
*          0    20000000    00000000     UNINITIALIZED

MODULE SUMMARY

       Module                         code   ro data   rw data
       ------                         ----   -------   -------
    .\
       GPIO.obj                       1624   240       24     
       tm4c123gh6pm_startup_ccs.obj   12     620       0      
       SystemControl.obj              588    23        0      
       PWM.obj                        380    0         104    
       ServoMotor.obj                 328    0         0      
       PWM_config.obj                 0      0         56     
       GPIO_config.obj                0      48        0      
       main.obj                       12     0         0      
       SystemControl_Config.obj       0      0         3      
    +--+------------------------------+------+---------+---------+
       Total:                         2944   931       187    
                                                              
    D:\CodeComposer\ccs\tools\compiler\ti-cgt-arm_20.2.7.LTS\lib\rtsv7M4_T_le_v4SPD16_eabi.lib
       memcpy_t2.asm.obj              156    0         0      
       ull_div_t2.asm.obj             150    0         0      
       copy_decompress_lzss.c.obj     104    0         0      
       autoinit.c.obj                 68     0         0      
       boot_cortex_m.c.obj            52     0         0      
       copy_zero_init.c.obj           28     0         0      
       copy_decompress_none.c.obj     14     0         0      
       exit.c.obj                     4      0         0      
       pre_init.c.obj                 4      0         0      
       div0.asm.obj                   2      0         0      
    +--+------------------------------+------+---------+---------+
       Total:                         582    0         0      
                                                              
       Stack:                         0      0         512    
       Linker Generated:              0      177       0      
    +--+------------------------------+------+---------+---------+
       Grand Total:                   3526   1108      699    


LINKER GENERATED COPY TABLES

__TI_cinit_table @ 00001218 records: 2, size/record: 8, table size: 16
	.data: load addr=00001170, load size=0000008d bytes, run addr=20000200, run size=000000b3 bytes, compression=lzss
	.bss: load addr=00001210, load size=00000008 bytes, run addr=200002b8, run size=00000008 bytes, compression=zero_init


LINKER GENERATED HANDLER TABLE

__TI_handler_table @ 00001200 records: 3, size/record: 4, table size: 12
	index: 0, handler: __TI_decompress_lzss
	index: 1, handler: __TI_decompress_none
	index: 2, handler: __TI_zero_init


GLOBAL SYMBOLS: SORTED ALPHABETICALLY BY Name 

address   name                                 
-------   ----                                 
0000102f  C$$EXIT                              
00000cc5  CloseHand                            
00000d89  Delay_ms                             
000002a7  EXTIAIntHandler                      
000002b7  EXTIBIntHandler                      
000002c7  EXTICIntHandler                      
000002d7  EXTIDIntHandler                      
000002e7  EXTIEIntHandler                      
000002f7  EXTIFIntHandler                      
00000461  GPIO_ConfigureAlternateFunctionSelect
000004ed  GPIO_ConfigureAnalogModeSelect       
00000671  GPIO_ConfigureCommit                 
000005e1  GPIO_ConfigureDigitalEnable          
0000072f  GPIO_ConfigureInterruptMask          
0000057d  GPIO_ConfigurePortControl            
000006ed  GPIO_EXTIClearInterrupt              
00000853  GPIO_EnableAFSEL_ADC                 
000007c1  GPIO_EnableAFSEL_GPTM                
0000080d  GPIO_EnableAFSEL_PWM                 
00001034  GPIO_PWMConfigAFSEL_ArrPtrStruct     
00000393  GPIO_SetData                         
00000307  GPIO_SetPinStatus                    
0000041f  GPIO_TogglePinValue                  
00000c8d  InitializeAllMotors                  
0000115b  Module0_PWM0_Generator0              
0000115d  Module0_PWM0_Generator1              
0000115f  Module0_PWM0_Generator2              
00001161  Module0_PWM0_Generator3              
00001163  Module0_PWM1_Generator0              
00001165  Module0_PWM1_Generator1              
00001167  Module0_PWM1_Generator2              
00001169  Module0_PWM1_Generator3              
00000d79  OpenHand                             
20000298  PWMChannel0_Module0                  
2000029b  PWMChannel1_Module0                  
2000029e  PWMChannel2_Module0                  
200002a1  PWMChannel3_Module0                  
200002a4  PWMChannel4_Module0                  
200002a7  PWMChannel5_Module0                  
200002aa  PWMChannel6_Module0                  
200002ad  PWMChannel7_Module0                  
20000220  PWM_ConfigChannel_ArrPtrStruct       
00000b31  PWM_GeneratePWMSignals               
00000b11  PWM_Initialization                   
200002b0  PWM_Module0                          
0000088b  RegisterCallbackFunction             
0000101f  ResetISR                             
00000ac9  SC_ADC_ClkIntialization              
00000a9b  SC_GetPWMFrequency                   
000009ff  SC_GetSystemClock                    
000008df  SC_Initialization                    
00000a67  SC_PWMClkIntialization               
00001153  SC_PWMDIV                            
00001144  SC_SYSDIV                            
20000200  __STACK_END                          
00000200  __STACK_SIZE                         
20000200  __STACK_TOP                          
00001218  __TI_CINIT_Base                      
00001228  __TI_CINIT_Limit                     
00001200  __TI_Handler_Table_Base              
0000120c  __TI_Handler_Table_Limit             
00000f71  __TI_auto_init_nobinit_nopinit       
00000f07  __TI_decompress_lzss                 
00001005  __TI_decompress_none                 
ffffffff  __TI_pprof_out_hndl                  
ffffffff  __TI_prof_data_size                  
ffffffff  __TI_prof_data_start                 
00000000  __TI_static_base__                   
00000fe9  __TI_zero_init_nomemset              
00000f6f  __aeabi_idiv0                        
00000f6f  __aeabi_ldiv0                        
00000dd5  __aeabi_memcpy                       
00000dd5  __aeabi_memcpy4                      
00000dd5  __aeabi_memcpy8                      
00000e71  __aeabi_uldivmod                     
ffffffff  __binit__                            
ffffffff  __c_args__                           
UNDEFED   __mpu_init                           
20000000  __stack                              
20000000  __start___llvm_prf_cnts              
20000000  __stop___llvm_prf_cnts               
00000fb5  _c_int00_noargs                      
UNDEFED   _system_post_cinit                   
0000102b  _system_pre_init                     
0000102f  abort                                
ffffffff  binit                                
00000000  g_pfnVectors                         
00001013  main                                 
00000dd5  memcpy                               


GLOBAL SYMBOLS: SORTED BY Symbol Address 

address   name                                 
-------   ----                                 
00000000  __TI_static_base__                   
00000000  g_pfnVectors                         
00000200  __STACK_SIZE                         
000002a7  EXTIAIntHandler                      
000002b7  EXTIBIntHandler                      
000002c7  EXTICIntHandler                      
000002d7  EXTIDIntHandler                      
000002e7  EXTIEIntHandler                      
000002f7  EXTIFIntHandler                      
00000307  GPIO_SetPinStatus                    
00000393  GPIO_SetData                         
0000041f  GPIO_TogglePinValue                  
00000461  GPIO_ConfigureAlternateFunctionSelect
000004ed  GPIO_ConfigureAnalogModeSelect       
0000057d  GPIO_ConfigurePortControl            
000005e1  GPIO_ConfigureDigitalEnable          
00000671  GPIO_ConfigureCommit                 
000006ed  GPIO_EXTIClearInterrupt              
0000072f  GPIO_ConfigureInterruptMask          
000007c1  GPIO_EnableAFSEL_GPTM                
0000080d  GPIO_EnableAFSEL_PWM                 
00000853  GPIO_EnableAFSEL_ADC                 
0000088b  RegisterCallbackFunction             
000008df  SC_Initialization                    
000009ff  SC_GetSystemClock                    
00000a67  SC_PWMClkIntialization               
00000a9b  SC_GetPWMFrequency                   
00000ac9  SC_ADC_ClkIntialization              
00000b11  PWM_Initialization                   
00000b31  PWM_GeneratePWMSignals               
00000c8d  InitializeAllMotors                  
00000cc5  CloseHand                            
00000d79  OpenHand                             
00000d89  Delay_ms                             
00000dd5  __aeabi_memcpy                       
00000dd5  __aeabi_memcpy4                      
00000dd5  __aeabi_memcpy8                      
00000dd5  memcpy                               
00000e71  __aeabi_uldivmod                     
00000f07  __TI_decompress_lzss                 
00000f6f  __aeabi_idiv0                        
00000f6f  __aeabi_ldiv0                        
00000f71  __TI_auto_init_nobinit_nopinit       
00000fb5  _c_int00_noargs                      
00000fe9  __TI_zero_init_nomemset              
00001005  __TI_decompress_none                 
00001013  main                                 
0000101f  ResetISR                             
0000102b  _system_pre_init                     
0000102f  C$$EXIT                              
0000102f  abort                                
00001034  GPIO_PWMConfigAFSEL_ArrPtrStruct     
00001144  SC_SYSDIV                            
00001153  SC_PWMDIV                            
0000115b  Module0_PWM0_Generator0              
0000115d  Module0_PWM0_Generator1              
0000115f  Module0_PWM0_Generator2              
00001161  Module0_PWM0_Generator3              
00001163  Module0_PWM1_Generator0              
00001165  Module0_PWM1_Generator1              
00001167  Module0_PWM1_Generator2              
00001169  Module0_PWM1_Generator3              
00001200  __TI_Handler_Table_Base              
0000120c  __TI_Handler_Table_Limit             
00001218  __TI_CINIT_Base                      
00001228  __TI_CINIT_Limit                     
20000000  __stack                              
20000000  __start___llvm_prf_cnts              
20000000  __stop___llvm_prf_cnts               
20000200  __STACK_END                          
20000200  __STACK_TOP                          
20000220  PWM_ConfigChannel_ArrPtrStruct       
20000298  PWMChannel0_Module0                  
2000029b  PWMChannel1_Module0                  
2000029e  PWMChannel2_Module0                  
200002a1  PWMChannel3_Module0                  
200002a4  PWMChannel4_Module0                  
200002a7  PWMChannel5_Module0                  
200002aa  PWMChannel6_Module0                  
200002ad  PWMChannel7_Module0                  
200002b0  PWM_Module0                          
ffffffff  __TI_pprof_out_hndl                  
ffffffff  __TI_prof_data_size                  
ffffffff  __TI_prof_data_start                 
ffffffff  __binit__                            
ffffffff  __c_args__                           
ffffffff  binit                                
UNDEFED   __mpu_init                           
UNDEFED   _system_post_cinit                   

[89 symbols]
